#-----------------------------------------------------------
# Vivado v2025.1 (64-bit)
# SW Build 6140274 on Thu May 22 00:12:29 MDT 2025
# IP Build 6138677 on Thu May 22 03:10:11 MDT 2025
# SharedData Build 6139179 on Tue May 20 17:58:58 MDT 2025
# Start of session at: Fri Oct 24 20:07:30 2025
# Process ID         : 3984
# Current directory  : C:/Users/niran/Desktop/ECE316/lab_4/lab_4.runs/impl_1
# Command line       : vivado.exe -log time_multiplexing_main.vdi -applog -product Vivado -messageDb vivado.pb -mode batch -source time_multiplexing_main.tcl -notrace
# Log file           : C:/Users/niran/Desktop/ECE316/lab_4/lab_4.runs/impl_1/time_multiplexing_main.vdi
# Journal file       : C:/Users/niran/Desktop/ECE316/lab_4/lab_4.runs/impl_1\vivado.jou
# Running On         : MSI
# Platform           : Windows Server 2016 or Windows 10
# Operating System   : 26200
# Processor Detail   : 13th Gen Intel(R) Core(TM) i9-13950HX
# CPU Frequency      : 2419 MHz
# CPU Physical cores : 24
# CPU Logical cores  : 32
# Host memory        : 34045 MB
# Swap memory        : 5905 MB
# Total Virtual      : 39950 MB
# Available Virtual  : 16128 MB
#-----------------------------------------------------------
source time_multiplexing_main.tcl -notrace
